[briefnarrative.pythonanywhere.com/index.html]
[briefnarrative.pythonanywhere.com/static/assets/apple-icon-180x180.png]
[briefnarrative.pythonanywhere.com/static/icon.ico]
[backblue.gif]
[fade.gif]
[index.html]
[briefnarrative.pythonanywhere.com/index-2.html]
[briefnarrative.pythonanywhere.com/static/main.3f6952e4.css]
[briefnarrative.pythonanywhere.com/works.html]
[briefnarrative.pythonanywhere.com/about.html]
[briefnarrative.pythonanywhere.com/contact.html]
[briefnarrative.pythonanywhere.com/static/assets/movie/final 2 new-100.jpg]
[briefnarrative.pythonanywhere.com/index.html]
[briefnarrative.pythonanywhere.com/static/main.3f6952e4.css]
[briefnarrative.pythonanywhere.com/index-2.html]
[briefnarrative.pythonanywhere.com/static/assets/movie/jalaler golpo final.png]
[maxcdn.bootstrapcdn.com/font-awesome/4.7.0/css/font-awesome.min.css]
[briefnarrative.pythonanywhere.com/TV_series.html]
[briefnarrative.pythonanywhere.com/static/assets/series/lucifer.png]
[briefnarrative.pythonanywhere.com/static/main.70a66962.js]
[briefnarrative.pythonanywhere.com/Movies.html]
[briefnarrative.pythonanywhere.com/static/assets/movie/raya_the _last_dragon_final.png]
[briefnarrative.pythonanywhere.com/MCU.html]
[briefnarrative.pythonanywhere.com/static/assets/series/falcon and the winter soldier.png]
[briefnarrative.pythonanywhere.com/Others.html]
[briefnarrative.pythonanywhere.com/static/assets/typo/kodom.png]
[briefnarrative.pythonanywhere.com/Logo.html]
[briefnarrative.pythonanywhere.com/static/assets/logo/ACE_1.jpg]
[briefnarrative.pythonanywhere.com/works.html]
[briefnarrative.pythonanywhere.com/static/assets/contact/contact_us_background2.jpg]
[briefnarrative.pythonanywhere.com/static/assets/pro.jpg]
[briefnarrative.pythonanywhere.com/about.html]
[briefnarrative.pythonanywhere.com/static/assets/contact/Black-Block-Background-Contact-Our-Redford-Lawyers.jpg]
[briefnarrative.pythonanywhere.com/contact.html]
[maxcdn.bootstrapcdn.com/font-awesome/4.7.0/css/font-awesome.min.css]
[briefnarrative.pythonanywhere.com/static/assets/series/suits.jpg]
[briefnarrative.pythonanywhere.com/static/assets/series/Peaky Blinders minimalist poster by Kazi ovi.jpg]
[briefnarrative.pythonanywhere.com/static/assets/series/Big Bang 1-100.jpg]
[briefnarrative.pythonanywhere.com/static/assets/series/sherlock_1-100.jpg]
[briefnarrative.pythonanywhere.com/static/assets/series/sherlock_5.jpg]
[briefnarrative.pythonanywhere.com/static/assets/series/daredevil.jpg]
[briefnarrative.pythonanywhere.com/TV_series.html]
[briefnarrative.pythonanywhere.com/Movies_2.html]
[briefnarrative.pythonanywhere.com/static/assets/movie/final -100.jpg]
[briefnarrative.pythonanywhere.com/static/assets/movie/3 idiots.jpg]
[briefnarrative.pythonanywhere.com/static/assets/movie/bucket_list.jpg]
[briefnarrative.pythonanywhere.com/static/assets/movie/jack sparrow.jpg]
[briefnarrative.pythonanywhere.com/static/assets/movie/Oggatonama 3.0-100.jpg]
[briefnarrative.pythonanywhere.com/static/assets/movie/harry.jpg]
[briefnarrative.pythonanywhere.com/static/assets/movie/wall-e minimalist poster by kazi ovi.jpg]
[briefnarrative.pythonanywhere.com/Movies.html]
[briefnarrative.pythonanywhere.com/MCU_2.html]
[briefnarrative.pythonanywhere.com/MCU_3.html]
[briefnarrative.pythonanywhere.com/static/assets/marvel/1.iron man.jpg]
[briefnarrative.pythonanywhere.com/static/assets/marvel/2.hulk.jpg]
[briefnarrative.pythonanywhere.com/static/assets/marvel/3.iron man2.jpg]
[briefnarrative.pythonanywhere.com/static/assets/marvel/4.Thor.jpg]
[briefnarrative.pythonanywhere.com/static/assets/marvel/5.captain america 1.jpg]
[briefnarrative.pythonanywhere.com/static/assets/marvel/6.avengers.jpg]
[briefnarrative.pythonanywhere.com/static/assets/marvel/7.iron man 3.jpg]
[briefnarrative.pythonanywhere.com/static/assets/marvel/8.Thor 2.jpg]
[briefnarrative.pythonanywhere.com/static/assets/marvel/9. winter soldier.jpg]
[briefnarrative.pythonanywhere.com/static/assets/marvel/10.Guardian.jpg]
[briefnarrative.pythonanywhere.com/static/assets/marvel/11. Ultron.jpg]
[briefnarrative.pythonanywhere.com/static/assets/marvel/12.Ant-man.jpg]
[briefnarrative.pythonanywhere.com/MCU.html]
[briefnarrative.pythonanywhere.com/static/assets/typo/Emnei 2.0-8 final.png]
[briefnarrative.pythonanywhere.com/static/assets/typo/Artboard 1.1.jpg]
[briefnarrative.pythonanywhere.com/static/assets/typo/bacchu1.jpg]
[briefnarrative.pythonanywhere.com/static/assets/typo/Artboard 2.png.jpg.png]
[briefnarrative.pythonanywhere.com/static/assets/typo/poddo.jpg]
[briefnarrative.pythonanywhere.com/static/assets/typo/LP_2.jpg]
[briefnarrative.pythonanywhere.com/static/assets/typo/nazrul.jpg]
[briefnarrative.pythonanywhere.com/static/assets/typo/assasin1.png]
[briefnarrative.pythonanywhere.com/Others.html]
[briefnarrative.pythonanywhere.com/static/assets/logo/Brief narrative.png]
[briefnarrative.pythonanywhere.com/static/assets/logo/make fall in.png]
[briefnarrative.pythonanywhere.com/static/assets/logo/Lifeevent_1.jpg]
[briefnarrative.pythonanywhere.com/static/assets/logo/sparkle.png]
[briefnarrative.pythonanywhere.com/static/assets/logo/sparkle_2.png]
[briefnarrative.pythonanywhere.com/static/assets/logo/nazrul.41.delayed]
[briefnarrative.pythonanywhere.com/Logo.html]
[briefnarrative.pythonanywhere.com/static/assets/logo/ACE_1.jpg]
[briefnarrative.pythonanywhere.com/static/assets/movie/ford.jpg]
[briefnarrative.pythonanywhere.com/static/assets/movie/King Arther legend of the sword minimalist poster by kazi ovi.jpg]
[briefnarrative.pythonanywhere.com/static/assets/movie/maverick 3.jpg]
[briefnarrative.pythonanywhere.com/static/assets/movie/rat.jpg]
[briefnarrative.pythonanywhere.com/static/assets/movie/maverick.jpg]
[briefnarrative.pythonanywhere.com/static/assets/movie/The Terminal minimalist poster by Kazi ovi.jpg]
[briefnarrative.pythonanywhere.com/static/assets/movie/megamind.jpg]
[briefnarrative.pythonanywhere.com/Movies_2.html]
[briefnarrative.pythonanywhere.com/static/assets/marvel/13.Civil War.jpg]
[briefnarrative.pythonanywhere.com/static/assets/marvel/14.Dr. Strange.jpg]
[briefnarrative.pythonanywhere.com/static/assets/marvel/15. Guardian 2.jpg]
[briefnarrative.pythonanywhere.com/static/assets/marvel/16.Spider-man.jpg]
[briefnarrative.pythonanywhere.com/static/assets/marvel/17.Thor 3.jpg]
[briefnarrative.pythonanywhere.com/static/assets/marvel/18.Black panther.jpg]
[briefnarrative.pythonanywhere.com/static/assets/marvel/19.Infinity war.jpg]
[briefnarrative.pythonanywhere.com/static/assets/marvel/20.Antman 2.jpg]
[briefnarrative.pythonanywhere.com/static/assets/marvel/21.marvel.jpg]
[briefnarrative.pythonanywhere.com/static/assets/marvel/22. End Game.jpg]
[briefnarrative.pythonanywhere.com/static/assets/marvel/23.spidy 2.jpg]
[briefnarrative.pythonanywhere.com/static/assets/marvel/24.Black widow final.png]
[briefnarrative.pythonanywhere.com/MCU_2.html]
[briefnarrative.pythonanywhere.com/static/assets/series/Loki final.png]
[briefnarrative.pythonanywhere.com/MCU_3.html]
[briefnarrative.pythonanywhere.com/static/assets/typo/LP_2.jpg]
[briefnarrative.pythonanywhere.com/static/assets/logo/Brief narrative.png]
[briefnarrative.pythonanywhere.com/static/assets/logo/Lifeevent_1.jpg]
[briefnarrative.pythonanywhere.com/static/assets/logo/sparkle.png]
[briefnarrative.pythonanywhere.com/static/assets/logo/nazrul.html]
[briefnarrative.pythonanywhere.com/work2.html]
